============================= test session starts =============================
platform win32 -- Python 3.13.3, pytest-9.0.2, pluggy-1.6.0 -- C:\Users\Asus\Documents\Beaver_Agent\.venv\Scripts\python.exe
cachedir: .pytest_cache
rootdir: C:\Users\Asus\Documents\Beaver_Agent
plugins: anyio-4.12.1, langsmith-0.6.1, locust-2.43.0, asyncio-1.3.0, cov-7.0.0
asyncio: mode=Mode.STRICT, debug=False, asyncio_default_fixture_loop_scope=None, asyncio_default_test_loop_scope=function
collecting ... collected 9 items

tests/test_api.py::TestHealthEndpoints::test_health_endpoint PASSED      [ 11%]
tests/test_api.py::TestHealthEndpoints::test_ready_endpoint PASSED       [ 22%]
tests/test_api.py::TestHealthEndpoints::test_metrics_endpoint PASSED     [ 33%]
tests/test_api.py::TestEmailProcessing::test_process_email_missing_text FAILED [ 44%]
tests/test_api.py::TestEmailProcessing::test_process_email_too_long FAILED [ 55%]
tests/test_api.py::TestEmailProcessing::test_process_email_success FAILED [ 66%]
tests/test_api.py::TestEmailProcessing::test_rate_limiting FAILED        [ 77%]
tests/test_api.py::TestAuthentication::test_missing_api_key PASSED       [ 88%]
tests/test_api.py::TestAuthentication::test_invalid_api_key PASSED       [100%]

================================== FAILURES ===================================
_____________ TestEmailProcessing.test_process_email_missing_text _____________

self = <test_api.TestEmailProcessing object at 0x0000018CD81F7750>

    def test_process_email_missing_text(self):
        """Test that empty email text is rejected."""
        response = client.post(
            "/process-email",
            json={"email_text": ""}
        )
    
>       assert response.status_code == 422  # Validation error
        ^^^^^^^^^^^^^^^^^^^^^^^^^^^^^^^^^^
E       assert 403 == 422
E        +  where 403 = <Response [403 Forbidden]>.status_code

tests\test_api.py:54: AssertionError
---------------------------- Captured stdout call -----------------------------
{"timestamp": "2026-01-20 16:05:17", "level": "WARNING", "name": "src.api", "message": "Invalid API key", "correlation_id": "f4329d38-dec4-47ff-9d73-e7b28fa0f7e9", "logger": "src.api", "environment": "development"}
------------------------------ Captured log call ------------------------------
WARNING  src.api:api.py:158 Invalid API key
_______________ TestEmailProcessing.test_process_email_too_long _______________

self = <test_api.TestEmailProcessing object at 0x0000018CD81F79D0>

    def test_process_email_too_long(self):
        """Test that overly long emails are rejected."""
        long_text = "a" * 25000  # Exceeds max length
    
        response = client.post(
            "/process-email",
            json={"email_text": long_text}
        )
    
>       assert response.status_code == 422  # Validation error
        ^^^^^^^^^^^^^^^^^^^^^^^^^^^^^^^^^^
E       assert 403 == 422
E        +  where 403 = <Response [403 Forbidden]>.status_code

tests\test_api.py:65: AssertionError
---------------------------- Captured stdout call -----------------------------
{"timestamp": "2026-01-20 16:05:17", "level": "WARNING", "name": "src.api", "message": "Invalid API key", "correlation_id": "c72a7932-b189-4cfd-a322-b0552cf8d68f", "logger": "src.api", "environment": "development"}
------------------------------ Captured log call ------------------------------
WARNING  src.api:api.py:158 Invalid API key
_______________ TestEmailProcessing.test_process_email_success ________________
async def functions are not natively supported.
You need to install a suitable plugin for your async framework, for example:
  - anyio
  - pytest-asyncio
  - pytest-tornasync
  - pytest-trio
  - pytest-twisted
___________________ TestEmailProcessing.test_rate_limiting ____________________

self = <test_api.TestEmailProcessing object at 0x0000018CD8235810>

    def test_rate_limiting(self):
        """Test that rate limiting works."""
        # Make multiple requests quickly
        responses = []
        for _ in range(15):  # Exceeds rate limit
            response = client.post(
                "/process-email",
                json={"email_text": "test"}
            )
            responses.append(response)
    
        # At least one should be rate limited
        status_codes = [r.status_code for r in responses]
>       assert 429 in status_codes  # Too Many Requests
        ^^^^^^^^^^^^^^^^^^^^^^^^^^
E       assert 429 in [403, 403, 403, 403, 403, 403, 403, 403, 403, 403, 403, 403, 403, 403, 403]

tests\test_api.py:102: AssertionError
---------------------------- Captured stdout call -----------------------------
{"timestamp": "2026-01-20 16:05:17", "level": "WARNING", "name": "src.api", "message": "Invalid API key", "correlation_id": "162cc02a-8c86-4ccb-9b79-9ee16881745c", "logger": "src.api", "environment": "development"}
{"timestamp": "2026-01-20 16:05:17", "level": "WARNING", "name": "src.api", "message": "Invalid API key", "correlation_id": "68e2f15a-9af8-4de6-be0c-4ba546367ee7", "logger": "src.api", "environment": "development"}
{"timestamp": "2026-01-20 16:05:17", "level": "WARNING", "name": "src.api", "message": "Invalid API key", "correlation_id": "e100c2a9-b5cc-4bb3-bf29-4e3ce885d3d0", "logger": "src.api", "environment": "development"}
{"timestamp": "2026-01-20 16:05:17", "level": "WARNING", "name": "src.api", "message": "Invalid API key", "correlation_id": "d1ae9a80-0e51-46f3-8c94-4a119a16763b", "logger": "src.api", "environment": "development"}
{"timestamp": "2026-01-20 16:05:17", "level": "WARNING", "name": "src.api", "message": "Invalid API key", "correlation_id": "458ef8e4-e460-4a7a-983b-c2689882d8be", "logger": "src.api", "environment": "development"}
{"timestamp": "2026-01-20 16:05:17", "level": "WARNING", "name": "src.api", "message": "Invalid API key", "correlation_id": "0c6a944d-c774-402d-82e1-dd13c5920d2b", "logger": "src.api", "environment": "development"}
{"timestamp": "2026-01-20 16:05:17", "level": "WARNING", "name": "src.api", "message": "Invalid API key", "correlation_id": "e1e47057-11af-453b-acc9-78058c6b92bf", "logger": "src.api", "environment": "development"}
{"timestamp": "2026-01-20 16:05:17", "level": "WARNING", "name": "src.api", "message": "Invalid API key", "correlation_id": "e1688c2b-c9ba-4a7f-b122-8f3fa17e0885", "logger": "src.api", "environment": "development"}
{"timestamp": "2026-01-20 16:05:17", "level": "WARNING", "name": "src.api", "message": "Invalid API key", "correlation_id": "570964a6-9a9a-4276-b262-fa353c840226", "logger": "src.api", "environment": "development"}
{"timestamp": "2026-01-20 16:05:17", "level": "WARNING", "name": "src.api", "message": "Invalid API key", "correlation_id": "570f4e12-6f39-4667-a784-65e18f84596f", "logger": "src.api", "environment": "development"}
{"timestamp": "2026-01-20 16:05:17", "level": "WARNING", "name": "src.api", "message": "Invalid API key", "correlation_id": "a1ed6f81-d89a-4753-b1bb-d4aebaec1778", "logger": "src.api", "environment": "development"}
{"timestamp": "2026-01-20 16:05:17", "level": "WARNING", "name": "src.api", "message": "Invalid API key", "correlation_id": "8157961d-8374-4d0b-afca-e34f4b6505b4", "logger": "src.api", "environment": "development"}
{"timestamp": "2026-01-20 16:05:17", "level": "WARNING", "name": "src.api", "message": "Invalid API key", "correlation_id": "a8526b1a-6925-4543-b2ec-af0af278489b", "logger": "src.api", "environment": "development"}
{"timestamp": "2026-01-20 16:05:17", "level": "WARNING", "name": "src.api", "message": "Invalid API key", "correlation_id": "60f4651d-29f7-4c02-8fc1-b6258be65c61", "logger": "src.api", "environment": "development"}
{"timestamp": "2026-01-20 16:05:17", "level": "WARNING", "name": "src.api", "message": "Invalid API key", "correlation_id": "bf222572-8010-4554-afde-20a96c89e301", "logger": "src.api", "environment": "development"}
------------------------------ Captured log call ------------------------------
WARNING  src.api:api.py:158 Invalid API key
WARNING  src.api:api.py:158 Invalid API key
WARNING  src.api:api.py:158 Invalid API key
WARNING  src.api:api.py:158 Invalid API key
WARNING  src.api:api.py:158 Invalid API key
WARNING  src.api:api.py:158 Invalid API key
WARNING  src.api:api.py:158 Invalid API key
WARNING  src.api:api.py:158 Invalid API key
WARNING  src.api:api.py:158 Invalid API key
WARNING  src.api:api.py:158 Invalid API key
WARNING  src.api:api.py:158 Invalid API key
WARNING  src.api:api.py:158 Invalid API key
WARNING  src.api:api.py:158 Invalid API key
WARNING  src.api:api.py:158 Invalid API key
WARNING  src.api:api.py:158 Invalid API key
============================== warnings summary ===============================
.venv\Lib\site-packages\langchain_tavily\tavily_research.py:97
  C:\Users\Asus\Documents\Beaver_Agent\.venv\Lib\site-packages\langchain_tavily\tavily_research.py:97: UserWarning: Field name "output_schema" in "TavilyResearch" shadows an attribute in parent "BaseTool"
    class TavilyResearch(BaseTool):  # type: ignore[override, override]

.venv\Lib\site-packages\langchain_tavily\tavily_research.py:97
  C:\Users\Asus\Documents\Beaver_Agent\.venv\Lib\site-packages\langchain_tavily\tavily_research.py:97: UserWarning: Field name "stream" in "TavilyResearch" shadows an attribute in parent "BaseTool"
    class TavilyResearch(BaseTool):  # type: ignore[override, override]

.venv\Lib\site-packages\pythonjsonlogger\jsonlogger.py:11
  C:\Users\Asus\Documents\Beaver_Agent\.venv\Lib\site-packages\pythonjsonlogger\jsonlogger.py:11: DeprecationWarning: pythonjsonlogger.jsonlogger has been moved to pythonjsonlogger.json
    warnings.warn(

tests/test_api.py::TestHealthEndpoints::test_health_endpoint
  C:\Users\Asus\Documents\Beaver_Agent\src\api.py:171: DeprecationWarning: datetime.datetime.utcnow() is deprecated and scheduled for removal in a future version. Use timezone-aware objects to represent datetimes in UTC: datetime.datetime.now(datetime.UTC).
    timestamp=datetime.utcnow().isoformat()

-- Docs: https://docs.pytest.org/en/stable/how-to/capture-warnings.html
=========================== short test summary info ===========================
FAILED tests/test_api.py::TestEmailProcessing::test_process_email_missing_text - assert 403 == 422
 +  where 403 = <Response [403 Forbidden]>.status_code
FAILED tests/test_api.py::TestEmailProcessing::test_process_email_too_long - assert 403 == 422
 +  where 403 = <Response [403 Forbidden]>.status_code
FAILED tests/test_api.py::TestEmailProcessing::test_process_email_success - Failed: async def functions are not natively supported.
You need to install a suitable plugin for your async framework, for example:
  - anyio
  - pytest-asyncio
  - pytest-tornasync
  - pytest-trio
  - pytest-twisted
FAILED tests/test_api.py::TestEmailProcessing::test_rate_limiting - assert 429 in [403, 403, 403, 403, 403, 403, 403, 403, 403, 403, 403, 403, 403, 403, 403]
================== 4 failed, 5 passed, 4 warnings in 10.55s ===================
