============================= test session starts =============================
platform win32 -- Python 3.13.3, pytest-9.0.2, pluggy-1.6.0
rootdir: C:\Users\Asus\Documents\Beaver_Agent
plugins: anyio-4.12.1, langsmith-0.6.1, locust-2.43.0, asyncio-1.3.0, cov-7.0.0
asyncio: mode=Mode.STRICT, debug=False, asyncio_default_fixture_loop_scope=None, asyncio_default_test_loop_scope=function
collected 9 items

tests\test_api.py FFFFFFFFF                                              [100%]

================================== FAILURES ===================================
__________________ TestHealthEndpoints.test_health_endpoint ___________________

self = <test_api.TestHealthEndpoints object at 0x000001DDEF5A6350>

    def test_health_endpoint(self):
        """Test health check endpoint."""
        response = client.get("/health")
    
>       assert response.status_code == 200
E       assert 404 == 200
E        +  where 404 = <Response [404 Not Found]>.status_code

tests\test_api.py:21: AssertionError
___________________ TestHealthEndpoints.test_ready_endpoint ___________________

self = <test_api.TestHealthEndpoints object at 0x000001DDEF5A6850>

    def test_ready_endpoint(self):
        """Test readiness check endpoint."""
        response = client.get("/ready")
    
>       assert response.status_code == 200
E       assert 404 == 200
E        +  where 404 = <Response [404 Not Found]>.status_code

tests\test_api.py:31: AssertionError
__________________ TestHealthEndpoints.test_metrics_endpoint __________________

self = <test_api.TestHealthEndpoints object at 0x000001DDEF5EA190>

    def test_metrics_endpoint(self):
        """Test Prometheus metrics endpoint."""
        response = client.get("/metrics")
    
>       assert response.status_code == 200
E       assert 404 == 200
E        +  where 404 = <Response [404 Not Found]>.status_code

tests\test_api.py:40: AssertionError
_____________ TestEmailProcessing.test_process_email_missing_text _____________

self = <test_api.TestEmailProcessing object at 0x000001DDEF5A6710>

    def test_process_email_missing_text(self):
        """Test that empty email text is rejected."""
        response = client.post(
            "/process-email",
            json={"email_text": ""}
        )
    
>       assert response.status_code == 422  # Validation error
        ^^^^^^^^^^^^^^^^^^^^^^^^^^^^^^^^^^
E       assert 400 == 422
E        +  where 400 = <Response [400 Bad Request]>.status_code

tests\test_api.py:54: AssertionError
---------------------------- Captured stdout call -----------------------------
\U0001f30d API Request received. Trace ID: 3e5c04ed-fcaa-4ca2-a24c-d18c8e067800
_______________ TestEmailProcessing.test_process_email_too_long _______________

self = <test_api.TestEmailProcessing object at 0x000001DDEF5A6990>

    def test_process_email_too_long(self):
        """Test that overly long emails are rejected."""
        long_text = "a" * 25000  # Exceeds max length
    
        response = client.post(
            "/process-email",
            json={"email_text": long_text}
        )
    
>       assert response.status_code == 422  # Validation error
        ^^^^^^^^^^^^^^^^^^^^^^^^^^^^^^^^^^
E       assert 413 == 422
E        +  where 413 = <Response [413 Request Entity Too Large]>.status_code

tests\test_api.py:65: AssertionError
---------------------------- Captured stdout call -----------------------------
\U0001f30d API Request received. Trace ID: 54950e43-03af-4e6a-a3ac-0fcebc864f91
_______________ TestEmailProcessing.test_process_email_success ________________
async def functions are not natively supported.
You need to install a suitable plugin for your async framework, for example:
  - anyio
  - pytest-asyncio
  - pytest-tornasync
  - pytest-trio
  - pytest-twisted
___________________ TestEmailProcessing.test_rate_limiting ____________________

self = <test_api.TestEmailProcessing object at 0x000001DDEF5EA3F0>

    def test_rate_limiting(self):
        """Test that rate limiting works."""
        # Make multiple requests quickly
        responses = []
        for _ in range(15):  # Exceeds rate limit
            response = client.post(
                "/process-email",
                json={"email_text": "test"}
            )
            responses.append(response)
    
        # At least one should be rate limited
        status_codes = [r.status_code for r in responses]
>       assert 429 in status_codes  # Too Many Requests
        ^^^^^^^^^^^^^^^^^^^^^^^^^^
E       assert 429 in [200, 200, 200, 200, 200, 500, ...]

tests\test_api.py:102: AssertionError
---------------------------- Captured stdout call -----------------------------
\U0001f30d API Request received. Trace ID: 9e84cc67-93e2-4176-9b68-df50f408d870\n\U0001f575\ufe0f [Trace: 9e84cc67-93e2-4176-9b68-df50f408d870] Router: Analyzing Clean Text...\n   \u21b3 AI Decision: CUSTOMER COMPLAINT (Conf: 0.59)\n\U0001f691 [Trace: 9e84cc67-93e2-4176-9b68-df50f408d870] Support: Drafting Apology...\n\U0001f513 [Trace: 9e84cc67-93e2-4176-9b68-df50f408d870] Final Delivery: Restoring PII Data...\n\U0001f4be Saved to Database: Unknown (complaint)\n\U0001f30d API Request received. Trace ID: a5164d54-0372-4dca-8fde-4d5bed62ba8d\n\U0001f575\ufe0f [Trace: a5164d54-0372-4dca-8fde-4d5bed62ba8d] Router: Analyzing Clean Text...\n   \u21b3 AI Decision: CUSTOMER COMPLAINT (Conf: 0.59)\n\U0001f691 [Trace: a5164d54-0372-4dca-8fde-4d5bed62ba8d] Support: Drafting Apology...\n\U0001f513 [Trace: a5164d54-0372-4dca-8fde-4d5bed62ba8d] Final Delivery: Restoring PII Data...\n\U0001f4be Saved to Database: Unknown (complaint)\n\U0001f30d API Request received. Trace ID: 0d85ee96-f692-4fd6-b4e1-d57b082e4de5\n\U0001f575\ufe0f [Trace: 0d85ee96-f692-4fd6-b4e1-d57b082e4de5] Router: Analyzing Clean Text...\n   \u21b3 AI Decision: CUSTOMER COMPLAINT (Conf: 0.59)\n\U0001f691 [Trace: 0d85ee96-f692-4fd6-b4e1-d57b082e4de5] Support: Drafting Apology...\n\U0001f513 [Trace: 0d85ee96-f692-4fd6-b4e1-d57b082e4de5] Final Delivery: Restoring PII Data...\n\U0001f4be Saved to Database: Unknown (complaint)\n\U0001f30d API Request received. Trace ID: e3434a92-18d8-4f45-a6b8-49ef8ecc2022\n\U0001f575\ufe0f [Trace: e3434a92-18d8-4f45-a6b8-49ef8ecc2022] Router: Analyzing Clean Text...\n   \u21b3 AI Decision: CUSTOMER COMPLAINT (Conf: 0.59)\n\U0001f691 [Trace: e3434a92-18d8-4f45-a6b8-49ef8ecc2022] Support: Drafting Apology...\n\U0001f513 [Trace: e3434a92-18d8-4f45-a6b8-49ef8ecc2022] Final Delivery: Restoring PII Data...\n\U0001f4be Saved to Database: Unknown (complaint)\n\U0001f30d API Request received. Trace ID: 423f28cc-366f-4b7a-a39e-0148aae6b40b\n\U0001f575\ufe0f [Trace: 423f28cc-366f-4b7a-a39e-0148aae6b40b] Router: Analyzing Clean Text...\n   \u21b3 AI Decision: CUSTOMER COMPLAINT (Conf: 0.59)\n\U0001f691 [Trace: 423f28cc-366f-4b7a-a39e-0148aae6b40b] Support: Drafting Apology...\n\U0001f513 [Trace: 423f28cc-366f-4b7a-a39e-0148aae6b40b] Final Delivery: Restoring PII Data...\n\U0001f4be Saved to Database: Unknown (complaint)\n\U0001f30d API Request received. Trace ID: ffb032f9-5029-4a17-a21b-3d2632dbb697\n\U0001f575\ufe0f [Trace: ffb032f9-5029-4a17-a21b-3d2632dbb697] Router: Analyzing Clean Text...\n   \u21b3 AI Decision: CUSTOMER COMPLAINT (Conf: 0.59)\n\U0001f691 [Trace: ffb032f9-5029-4a17-a21b-3d2632dbb697] Support: Drafting Apology...\n\u274c [Trace: ffb032f9-5029-4a17-a21b-3d2632dbb697] API Error: An unexpected error occurred. Error calling model 'gemini-2.5-flash' (RESOURCE_EXHAUSTED): 429 RESOURCE_EXHAUSTED. {'error': {'code': 429, 'message': 'You exceeded your current quota, please check your plan and billing details. For more information on this error, head to: https://ai.google.dev/gemini-api/docs/rate-limits. To monitor your current usage, head to: https://ai.dev/rate-limit. \\n* Quota exceeded for metric: generativelanguage.googleapis.com/generate_content_free_tier_requests, limit: 5, model: gemini-2.5-flash\\nPlease retry in 53.673006995s.', 'status': 'RESOURCE_EXHAUSTED', 'details': [{'@type': 'type.googleapis.com/google.rpc.Help', 'links': [{'description': 'Learn more about Gemini API quotas', 'url': 'https://ai.google.dev/gemini-api/docs/rate-limits'}]}, {'@type': 'type.googleapis.com/google.rpc.QuotaFailure', 'violations': [{'quotaMetric': 'generativelanguage.googleapis.com/generate_content_free_tier_requests', 'quotaId': 'GenerateRequestsPerMinutePerProjectPerModel-FreeTier', 'quotaDimensions': {'location': 'global', 'model': 'gemini-2.5-flash'}, 'quotaValue': '5'}]}, {'@type': 'type.googleapis.com/google.rpc.RetryInfo', 'retryDelay': '53s'}]}}\n\U0001f30d API Request received. Trace ID: 1326b3a4-1b03-4f27-b8ee-fcaac750cd73\n\U0001f575\ufe0f [Trace: 1326b3a4-1b03-4f27-b8ee-fcaac750cd73] Router: Analyzing Clean Text...\n   \u21b3 AI Decision: CUSTOMER COMPLAINT (Conf: 0.59)\n\U0001f691 [Trace: 1326b3a4-1b03-4f27-b8ee-fcaac750cd73] Support: Drafting Apology...\n\U0001f513 [Trace: 1326b3a4-1b03-4f27-b8ee-fcaac750cd73] Final Delivery: Restoring PII Data...\n\U0001f4be Saved to Database: Unknown (complaint)\n\U0001f30d API Request received. Trace ID: c2c487af-66be-4ad8-b825-fe1aab95f6f1\n\U0001f575\ufe0f [Trace: c2c487af-66be-4ad8-b825-fe1aab95f6f1] Router: Analyzing Clean Text...\n   \u21b3 AI Decision: CUSTOMER COMPLAINT (Conf: 0.59)\n\U0001f691 [Trace: c2c487af-66be-4ad8-b825-fe1aab95f6f1] Support: Drafting Apology...\n\U0001f513 [Trace: c2c487af-66be-4ad8-b825-fe1aab95f6f1] Final Delivery: Restoring PII Data...\n\U0001f4be Saved to Database: Unknown (complaint)\n\U0001f30d API Request received. Trace ID: 56f41539-be5f-45e6-b962-02d8662e13e7\n\U0001f575\ufe0f [Trace: 56f41539-be5f-45e6-b962-02d8662e13e7] Router: Analyzing Clean Text...\n   \u21b3 AI Decision: CUSTOMER COMPLAINT (Conf: 0.59)\n\U0001f691 [Trace: 56f41539-be5f-45e6-b962-02d8662e13e7] Support: Drafting Apology...\n\U0001f513 [Trace: 56f41539-be5f-45e6-b962-02d8662e13e7] Final Delivery: Restoring PII Data...\n\U0001f4be Saved to Database: Unknown (complaint)\n\U0001f30d API Request received. Trace ID: 71c6d848-9d6a-4ae2-a0b3-c2c4c3649f22\n\U0001f575\ufe0f [Trace: 71c6d848-9d6a-4ae2-a0b3-c2c4c3649f22] Router: Analyzing Clean Text...\n   \u21b3 AI Decision: CUSTOMER COMPLAINT (Conf: 0.59)\n\U0001f691 [Trace: 71c6d848-9d6a-4ae2-a0b3-c2c4c3649f22] Support: Drafting Apology...\n\u274c [Trace: 71c6d848-9d6a-4ae2-a0b3-c2c4c3649f22] API Error: An unexpected error occurred. Error calling model 'gemini-2.5-flash' (RESOURCE_EXHAUSTED): 429 RESOURCE_EXHAUSTED. {'error': {'code': 429, 'message': 'You exceeded your current quota, please check your plan and billing details. For more information on this error, head to: https://ai.google.dev/gemini-api/docs/rate-limits. To monitor your current usage, head to: https://ai.dev/rate-limit. \\n* Quota exceeded for metric: generativelanguage.googleapis.com/generate_content_free_tier_requests, limit: 20, model: gemini-2.5-flash\\nPlease retry in 20.136101145s.', 'status': 'RESOURCE_EXHAUSTED', 'details': [{'@type': 'type.googleapis.com/google.rpc.Help', 'links': [{'description': 'Learn more about Gemini API quotas', 'url': 'https://ai.google.dev/gemini-api/docs/rate-limits'}]}, {'@type': 'type.googleapis.com/google.rpc.QuotaFailure', 'violations': [{'quotaMetric': 'generativelanguage.googleapis.com/generate_content_free_tier_requests', 'quotaId': 'GenerateRequestsPerDayPerProjectPerModel-FreeTier', 'quotaDimensions': {'location': 'global', 'model': 'gemini-2.5-flash'}, 'quotaValue': '20'}]}, {'@type': 'type.googleapis.com/google.rpc.RetryInfo', 'retryDelay': '20s'}]}}\n\U0001f30d API Request received. Trace ID: deeb2fc0-a919-4c76-b5d9-47ed955d373f\n\U0001f575\ufe0f [Trace: deeb2fc0-a919-4c76-b5d9-47ed955d373f] Router: Analyzing Clean Text...\n   \u21b3 AI Decision: CUSTOMER COMPLAINT (Conf: 0.59)\n\U0001f691 [Trace: deeb2fc0-a919-4c76-b5d9-47ed955d373f] Support: Drafting Apology...\n\u274c [Trace: deeb2fc0-a919-4c76-b5d9-47ed955d373f] API Error: An unexpected error occurred. Error calling model 'gemini-2.5-flash' (RESOURCE_EXHAUSTED): 429 RESOURCE_EXHAUSTED. {'error': {'code': 429, 'message': 'You exceeded your current quota, please check your plan and billing details. For more information on this error, head to: https://ai.google.dev/gemini-api/docs/rate-limits. To monitor your current usage, head to: https://ai.dev/rate-limit. \\n* Quota exceeded for metric: generativelanguage.googleapis.com/generate_content_free_tier_requests, limit: 20, model: gemini-2.5-flash\\nPlease retry in 16.874170331s.', 'status': 'RESOURCE_EXHAUSTED', 'details': [{'@type': 'type.googleapis.com/google.rpc.Help', 'links': [{'description': 'Learn more about Gemini API quotas', 'url': 'https://ai.google.dev/gemini-api/docs/rate-limits'}]}, {'@type': 'type.googleapis.com/google.rpc.QuotaFailure', 'violations': [{'quotaMetric': 'generativelanguage.googleapis.com/generate_content_free_tier_requests', 'quotaId': 'GenerateRequestsPerDayPerProjectPerModel-FreeTier', 'quotaDimensions': {'location': 'global', 'model': 'gemini-2.5-flash'}, 'quotaValue': '20'}]}, {'@type': 'type.googleapis.com/google.rpc.RetryInfo', 'retryDelay': '16s'}]}}\n\U0001f30d API Request received. Trace ID: a4741fe4-9d5a-4fe1-972d-20e4ceb22ab1\n\U0001f575\ufe0f [Trace: a4741fe4-9d5a-4fe1-972d-20e4ceb22ab1] Router: Analyzing Clean Text...\n   \u21b3 AI Decision: CUSTOMER COMPLAINT (Conf: 0.59)\n\U0001f691 [Trace: a4741fe4-9d5a-4fe1-972d-20e4ceb22ab1] Support: Drafting Apology...\n\u274c [Trace: a4741fe4-9d5a-4fe1-972d-20e4ceb22ab1] API Error: An unexpected error occurred. Error calling model 'gemini-2.5-flash' (RESOURCE_EXHAUSTED): 429 RESOURCE_EXHAUSTED. {'error': {'code': 429, 'message': 'You exceeded your current quota, please check your plan and billing details. For more information on this error, head to: https://ai.google.dev/gemini-api/docs/rate-limits. To monitor your current usage, head to: https://ai.dev/rate-limit. \\n* Quota exceeded for metric: generativelanguage.googleapis.com/generate_content_free_tier_requests, limit: 20, model: gemini-2.5-flash\\nPlease retry in 13.66472227s.', 'status': 'RESOURCE_EXHAUSTED', 'details': [{'@type': 'type.googleapis.com/google.rpc.Help', 'links': [{'description': 'Learn more about Gemini API quotas', 'url': 'https://ai.google.dev/gemini-api/docs/rate-limits'}]}, {'@type': 'type.googleapis.com/google.rpc.QuotaFailure', 'violations': [{'quotaMetric': 'generativelanguage.googleapis.com/generate_content_free_tier_requests', 'quotaId': 'GenerateRequestsPerDayPerProjectPerModel-FreeTier', 'quotaDimensions': {'location': 'global', 'model': 'gemini-2.5-flash'}, 'quotaValue': '20'}]}, {'@type': 'type.googleapis.com/google.rpc.RetryInfo', 'retryDelay': '13s'}]}}\n\U0001f30d API Request received. Trace ID: 6ab0ad28-8607-4b6f-accd-6cb281fa3c01\n\U0001f575\ufe0f [Trace: 6ab0ad28-8607-4b6f-accd-6cb281fa3c01] Router: Analyzing Clean Text...\n   \u21b3 AI Decision: CUSTOMER COMPLAINT (Conf: 0.59)\n\U0001f691 [Trace: 6ab0ad28-8607-4b6f-accd-6cb281fa3c01] Support: Drafting Apology...\n\u274c [Trace: 6ab0ad28-8607-4b6f-accd-6cb281fa3c01] API Error: An unexpected error occurred. Error calling model 'gemini-2.5-flash' (RESOURCE_EXHAUSTED): 429 RESOURCE_EXHAUSTED. {'error': {'code': 429, 'message': 'You exceeded your current quota, please check your plan and billing details. For more information on this error, head to: https://ai.google.dev/gemini-api/docs/rate-limits. To monitor your current usage, head to: https://ai.dev/rate-limit. \\n* Quota exceeded for metric: generativelanguage.googleapis.com/generate_content_free_tier_requests, limit: 20, model: gemini-2.5-flash\\nPlease retry in 10.960150325s.', 'status': 'RESOURCE_EXHAUSTED', 'details': [{'@type': 'type.googleapis.com/google.rpc.Help', 'links': [{'description': 'Learn more about Gemini API quotas', 'url': 'https://ai.google.dev/gemini-api/docs/rate-limits'}]}, {'@type': 'type.googleapis.com/google.rpc.QuotaFailure', 'violations': [{'quotaMetric': 'generativelanguage.googleapis.com/generate_content_free_tier_requests', 'quotaId': 'GenerateRequestsPerDayPerProjectPerModel-FreeTier', 'quotaDimensions': {'location': 'global', 'model': 'gemini-2.5-flash'}, 'quotaValue': '20'}]}, {'@type': 'type.googleapis.com/google.rpc.RetryInfo', 'retryDelay': '10s'}]}}\n\U0001f30d API Request received. Trace ID: 757f663e-cdb8-42ac-8ce0-9ea0df9554fb\n\U0001f575\ufe0f [Trace: 757f663e-cdb8-42ac-8ce0-9ea0df9554fb] Router: Analyzing Clean Text...\n   \u21b3 AI Decision: CUSTOMER COMPLAINT (Conf: 0.59)\n\U0001f691 [Trace: 757f663e-cdb8-42ac-8ce0-9ea0df9554fb] Support: Drafting Apology...\n\u274c [Trace: 757f663e-cdb8-42ac-8ce0-9ea0df9554fb] API Error: An unexpected error occurred. Error calling model 'gemini-2.5-flash' (RESOURCE_EXHAUSTED): 429 RESOURCE_EXHAUSTED. {'error': {'code': 429, 'message': 'You exceeded your current quota, please check your plan and billing details. For more information on this error, head to: https://ai.google.dev/gemini-api/docs/rate-limits. To monitor your current usage, head to: https://ai.dev/rate-limit. \\n* Quota exceeded for metric: generativelanguage.googleapis.com/generate_content_free_tier_requests, limit: 20, model: gemini-2.5-flash\\nPlease retry in 7.642990596s.', 'status': 'RESOURCE_EXHAUSTED', 'details': [{'@type': 'type.googleapis.com/google.rpc.Help', 'links': [{'description': 'Learn more about Gemini API quotas', 'url': 'https://ai.google.dev/gemini-api/docs/rate-limits'}]}, {'@type': 'type.googleapis.com/google.rpc.QuotaFailure', 'violations': [{'quotaMetric': 'generativelanguage.googleapis.com/generate_content_free_tier_requests', 'quotaId': 'GenerateRequestsPerDayPerProjectPerModel-FreeTier', 'quotaDimensions': {'location': 'global', 'model': 'gemini-2.5-flash'}, 'quotaValue': '20'}]}, {'@type': 'type.googleapis.com/google.rpc.RetryInfo', 'retryDelay': '7s'}]}}\n\U0001f30d API Request received. Trace ID: 3a7fd1bb-d66e-4f00-9edd-65a69d42cfc0\n\U0001f575\ufe0f [Trace: 3a7fd1bb-d66e-4f00-9edd-65a69d42cfc0] Router: Analyzing Clean Text...\n   \u21b3 AI Decision: CUSTOMER COMPLAINT (Conf: 0.59)\n\U0001f691 [Trace: 3a7fd1bb-d66e-4f00-9edd-65a69d42cfc0] Support: Drafting Apology...\n\u274c [Trace: 3a7fd1bb-d66e-4f00-9edd-65a69d42cfc0] API Error: An unexpected error occurred. Error calling model 'gemini-2.5-flash' (RESOURCE_EXHAUSTED): 429 RESOURCE_EXHAUSTED. {'error': {'code': 429, 'message': 'You exceeded your current quota, please check your plan and billing details. For more information on this error, head to: https://ai.google.dev/gemini-api/docs/rate-limits. To monitor your current usage, head to: https://ai.dev/rate-limit. \\n* Quota exceeded for metric: generativelanguage.googleapis.com/generate_content_free_tier_requests, limit: 20, model: gemini-2.5-flash\\nPlease retry in 4.692863055s.', 'status': 'RESOURCE_EXHAUSTED', 'details': [{'@type': 'type.googleapis.com/google.rpc.Help', 'links': [{'description': 'Learn more about Gemini API quotas', 'url': 'https://ai.google.dev/gemini-api/docs/rate-limits'}]}, {'@type': 'type.googleapis.com/google.rpc.QuotaFailure', 'violations': [{'quotaMetric': 'generativelanguage.googleapis.com/generate_content_free_tier_requests', 'quotaId': 'GenerateRequestsPerDayPerProjectPerModel-FreeTier', 'quotaDimensions': {'location': 'global', 'model': 'gemini-2.5-flash'}, 'quotaValue': '20'}]}, {'@type': 'type.googleapis.com/google.rpc.RetryInfo', 'retryDelay': '4s'}]}}
___________________ TestAuthentication.test_missing_api_key ___________________

self = <test_api.TestAuthentication object at 0x000001DDEF5A6AD0>
mock_settings = <MagicMock name='settings' id='2052715050192'>

    @patch("src.config.settings")
    def test_missing_api_key(self, mock_settings):
        """Test that missing API key is rejected."""
        mock_settings.api_keys = ["test-key-123"]
        mock_settings.is_development = False
    
        response = client.post(
            "/process-email",
            json={"email_text": "test"}
        )
    
        # Should fail without API key
>       assert response.status_code in [401, 403]
E       assert 500 in [401, 403]
E        +  where 500 = <Response [500 Internal Server Error]>.status_code

tests\test_api.py:120: AssertionError
---------------------------- Captured stdout call -----------------------------
\U0001f30d API Request received. Trace ID: 73d7cdf1-e4b8-4e3e-9cfe-5be7ae5e8e5b\n\U0001f575\ufe0f [Trace: 73d7cdf1-e4b8-4e3e-9cfe-5be7ae5e8e5b] Router: Analyzing Clean Text...\n   \u21b3 AI Decision: CUSTOMER COMPLAINT (Conf: 0.59)\n\U0001f691 [Trace: 73d7cdf1-e4b8-4e3e-9cfe-5be7ae5e8e5b] Support: Drafting Apology...\n\u274c [Trace: 73d7cdf1-e4b8-4e3e-9cfe-5be7ae5e8e5b] API Error: An unexpected error occurred. Error calling model 'gemini-2.5-flash' (RESOURCE_EXHAUSTED): 429 RESOURCE_EXHAUSTED. {'error': {'code': 429, 'message': 'You exceeded your current quota, please check your plan and billing details. For more information on this error, head to: https://ai.google.dev/gemini-api/docs/rate-limits. To monitor your current usage, head to: https://ai.dev/rate-limit. \\n* Quota exceeded for metric: generativelanguage.googleapis.com/generate_content_free_tier_requests, limit: 20, model: gemini-2.5-flash\\nPlease retry in 1.383238067s.', 'status': 'RESOURCE_EXHAUSTED', 'details': [{'@type': 'type.googleapis.com/google.rpc.Help', 'links': [{'description': 'Learn more about Gemini API quotas', 'url': 'https://ai.google.dev/gemini-api/docs/rate-limits'}]}, {'@type': 'type.googleapis.com/google.rpc.QuotaFailure', 'violations': [{'quotaMetric': 'generativelanguage.googleapis.com/generate_content_free_tier_requests', 'quotaId': 'GenerateRequestsPerDayPerProjectPerModel-FreeTier', 'quotaDimensions': {'location': 'global', 'model': 'gemini-2.5-flash'}, 'quotaValue': '20'}]}, {'@type': 'type.googleapis.com/google.rpc.RetryInfo', 'retryDelay': '1s'}]}}
___________________ TestAuthentication.test_invalid_api_key ___________________

self = <test_api.TestAuthentication object at 0x000001DDEF5A6C10>
mock_settings = <MagicMock name='settings' id='2052652518432'>

    @patch("src.config.settings")
    def test_invalid_api_key(self, mock_settings):
        """Test that invalid API key is rejected."""
        mock_settings.api_keys = ["valid-key-123"]
        mock_settings.is_development = False
    
        response = client.post(
            "/process-email",
            json={"email_text": "test"},
            headers={"X-API-Key": "invalid-key"}
        )
    
>       assert response.status_code == 403
E       assert 500 == 403
E        +  where 500 = <Response [500 Internal Server Error]>.status_code

tests\test_api.py:134: AssertionError
---------------------------- Captured stdout call -----------------------------
\U0001f30d API Request received. Trace ID: c0f67946-02be-46f1-aa6c-faaa2f2aa8fc\n\U0001f575\ufe0f [Trace: c0f67946-02be-46f1-aa6c-faaa2f2aa8fc] Router: Analyzing Clean Text...\n   \u21b3 AI Decision: CUSTOMER COMPLAINT (Conf: 0.59)\n\U0001f691 [Trace: c0f67946-02be-46f1-aa6c-faaa2f2aa8fc] Support: Drafting Apology...\n\u274c [Trace: c0f67946-02be-46f1-aa6c-faaa2f2aa8fc] API Error: An unexpected error occurred. Error calling model 'gemini-2.5-flash' (RESOURCE_EXHAUSTED): 429 RESOURCE_EXHAUSTED. {'error': {'code': 429, 'message': 'You exceeded your current quota, please check your plan and billing details. For more information on this error, head to: https://ai.google.dev/gemini-api/docs/rate-limits. To monitor your current usage, head to: https://ai.dev/rate-limit. \\n* Quota exceeded for metric: generativelanguage.googleapis.com/generate_content_free_tier_requests, limit: 20, model: gemini-2.5-flash\\nPlease retry in 58.59839515s.', 'status': 'RESOURCE_EXHAUSTED', 'details': [{'@type': 'type.googleapis.com/google.rpc.Help', 'links': [{'description': 'Learn more about Gemini API quotas', 'url': 'https://ai.google.dev/gemini-api/docs/rate-limits'}]}, {'@type': 'type.googleapis.com/google.rpc.QuotaFailure', 'violations': [{'quotaMetric': 'generativelanguage.googleapis.com/generate_content_free_tier_requests', 'quotaId': 'GenerateRequestsPerDayPerProjectPerModel-FreeTier', 'quotaDimensions': {'model': 'gemini-2.5-flash', 'location': 'global'}, 'quotaValue': '20'}]}, {'@type': 'type.googleapis.com/google.rpc.RetryInfo', 'retryDelay': '58s'}]}}
============================== warnings summary ===============================
.venv\Lib\site-packages\langchain_tavily\tavily_research.py:97
  C:\Users\Asus\Documents\Beaver_Agent\.venv\Lib\site-packages\langchain_tavily\tavily_research.py:97: UserWarning: Field name "output_schema" in "TavilyResearch" shadows an attribute in parent "BaseTool"
    class TavilyResearch(BaseTool):  # type: ignore[override, override]

.venv\Lib\site-packages\langchain_tavily\tavily_research.py:97
  C:\Users\Asus\Documents\Beaver_Agent\.venv\Lib\site-packages\langchain_tavily\tavily_research.py:97: UserWarning: Field name "stream" in "TavilyResearch" shadows an attribute in parent "BaseTool"
    class TavilyResearch(BaseTool):  # type: ignore[override, override]

src\agents.py:93
  C:\Users\Asus\Documents\Beaver_Agent\src\agents.py:93: LangChainDeprecationWarning: The class `TavilySearchResults` was deprecated in LangChain 0.3.25 and will be removed in 1.0. An updated version of the class exists in the `langchain-tavily package and should be used instead. To use it run `pip install -U `langchain-tavily` and import as `from `langchain_tavily import TavilySearch``.
    search_tool = TavilySearchResults(max_results=3)

-- Docs: https://docs.pytest.org/en/stable/how-to/capture-warnings.html
=========================== short test summary info ===========================
FAILED tests/test_api.py::TestHealthEndpoints::test_health_endpoint - assert ...
FAILED tests/test_api.py::TestHealthEndpoints::test_ready_endpoint - assert 4...
FAILED tests/test_api.py::TestHealthEndpoints::test_metrics_endpoint - assert...
FAILED tests/test_api.py::TestEmailProcessing::test_process_email_missing_text
FAILED tests/test_api.py::TestEmailProcessing::test_process_email_too_long - ...
FAILED tests/test_api.py::TestEmailProcessing::test_process_email_success - F...
FAILED tests/test_api.py::TestEmailProcessing::test_rate_limiting - assert 42...
FAILED tests/test_api.py::TestAuthentication::test_missing_api_key - assert 5...
FAILED tests/test_api.py::TestAuthentication::test_invalid_api_key - assert 5...
================== 9 failed, 3 warnings in 169.30s (0:02:49) ==================
